// Jest Snapshot v1, https://goo.gl/fbAQLP

exports[`<Header /> Render Header 1`] = `
<div>
  <nav
    class="navbar navbar-expand-lg sticky-top"
  >
    <div
      class="container"
    >
      <a
        href="/"
      >
        <img
          alt=""
          class="navbar-brand"
          src="./images/logos/logotipo-2322x688-13.png"
          style="height: 70px;"
        />
      </a>
      <button
        aria-controls="navbarToggler"
        aria-expanded="false"
        aria-label="Abrir navegación"
        class="navbar-toggler"
        data-bs-target="#navbarToggler"
        data-bs-toggle="collapse"
        type="button"
      >
        <span
          class="navbar-toggler-icon"
        />
      </button>
      <div
        class="collapse navbar-collapse"
        id="navbarToggler"
      >
        <ul
          class="navbar-nav me-auto mb-2 mb-lg-0"
        >
          <li
            class="nav-item"
          >
            <a
              class="menu-link nav-link"
              href="/"
            >
              Inicio
            </a>
          </li>
          <li
            class="nav-item"
          >
            <a
              class="menu-link nav-link"
              href="/#proyectos"
            >
              Proyectos
            </a>
          </li>
          <li
            class="nav-item"
          >
            <a
              class="menu-link nav-link"
              href="/#maquinaria"
            >
              Maquinaria
            </a>
          </li>
          <li
            class="nav-item"
          >
            <a
              class="menu-link nav-link"
              href="/#ubicacion"
            >
              Ubicación
            </a>
          </li>
        </ul>
      </div>
    </div>
  </nav>
</div>
`;
